[04:51:24] Dialog initialized
[04:51:32] [FILE] start
[04:51:34] [FILE] selected: D:\Pictures\QQ20251011-142003.png
[04:51:34] [FILE] SaveFile=True, 26988 bytes PNG
[04:51:34] [FILE] exception: 'SchAiAssistantDialog' object has no attribute 'msg_inner'
[04:51:40] [FILE] start
[04:51:41] [FILE] selected: D:\Pictures\QQ20251011-142003.png
[04:51:41] [FILE] SaveFile=True, 26988 bytes PNG
[04:51:41] [FILE] exception: 'SchAiAssistantDialog' object has no attribute 'msg_inner'
[04:51:53] [ANALYZE] image_bytes=26988
[04:52:19] [ANALYZE] image_bytes=26988
[04:52:22] [ANALYZE] image_bytes=26988
[04:52:31] [CHAT] prompt='测试'
[04:54:38] Dialog initialized
[04:54:41] [FILE] start
[04:54:43] [FILE] selected: D:\Pictures\QQ20251011-142003.png
[04:54:43] [FILE] SaveFile=True, 26988 bytes PNG
[04:54:43] [FILE] success
[04:54:48] [ANALYZE] image_bytes=26988
[04:54:48] [ANALYZE] image_bytes=26988, api_key=SET
[04:54:48] [API] Sending POST to https://apihub.agnes-ai.com/v1/chat/completions
[04:54:48] [API] Model: agnes-2.0-flash
[04:54:48] [API] Image base64 length: 35984
[04:54:53] [API] Response status: 200
[04:54:53] [API] AI response: [{"number":"1","name":"INT2","type":"input","side":"right"},{"number":"2","name":"DRDYM","type":"output","side":"right"},{"number":"3","name":"VDD","type":"power_in","side":"right"},{"number":"4","nam
[04:54:53] [ANALYZE] got 20 pins
[04:55:19] [CHAT] prompt='测试'
[04:55:19] [CHAT] prompt='测试'
[04:55:24] [CHAT] reply len=18
[04:55:45] [CHAT] prompt='[04:51:24] Dialog initialized'
[04:55:45] [CHAT] prompt='[04:51:24] Dialog initialized'
[04:55:50] [CHAT] reply len=80
[04:57:33] [CHAT] prompt='[04:51:24] Dialog initialized'
[04:57:33] [CHAT] prompt='[04:51:24] Dialog initialized'
[04:57:34] [CHAT] reply len=34
[04:57:38] [CHAT] prompt='[04:51:24] Dialog initialized'
[04:57:38] [CHAT] prompt='[04:51:24] Dialog initialized'
[04:57:39] [CHAT] reply len=34
[04:58:30] Dialog initialized
[04:58:32] [FILE] start
[04:58:34] [FILE] selected: D:\Pictures\QQ20251011-142003.png
[04:58:34] [FILE] SaveFile=True, 26988 bytes PNG
[04:58:34] [FILE] success
[04:58:35] [ANALYZE] image_bytes=26988
[04:58:35] [ANALYZE] image_bytes=26988, api_key=SET
[04:58:35] [API] Sending POST to https://apihub.agnes-ai.com/v1/chat/completions
[04:58:35] [API] Model: agnes-2.0-flash
[04:58:35] [API] Image base64 length: 35984
[04:58:50] [API] Response status: 200
[04:58:50] [API] AI response: [
  {
    "number": "1",
    "name": "INT2",
    "type": "input",
    "side": "right"
  },
  {
    "number": "2",
    "name": "DRDYM",
    "type": "output",
    "side": "right"
  },
  {
    "number": 
[04:58:50] [ANALYZE] got 20 pins
[04:59:08] [CHAT] prompt='[04:51:24] Dialog initialized
'
[04:59:08] [CHAT] prompt='[04:51:24] Dialog initialized
'
[04:59:10] [CHAT] reply len=773
[05:01:52] Dialog initialized
[05:02:03] [CHAT] prompt='[04:51:24] Dialog initialized
'
[05:02:03] [CHAT] prompt='[04:51:24] Dialog initialized
'
[05:02:05] [CHAT] reply len=16
[05:04:53] Dialog initialized
[05:05:12] [CHAT] prompt='{
    "$schema": "https://go.k'
[05:05:12] [CHAT] prompt='{
    "$schema": "https://go.k'
[05:05:16] [CHAT] reply len=1384
[05:05:30] [CHAT] prompt='{
    "$schema": "https://go.k'
[05:05:30] [CHAT] prompt='{
    "$schema": "https://go.k'
[05:05:31] [CHAT] reply len=1384
[05:05:36] [CHAT] prompt='{
    "$schema": "https://go.k'
[05:05:36] [CHAT] prompt='{
    "$schema": "https://go.k'
[05:05:37] [CHAT] reply len=1384
[05:06:02] [CHAT] prompt='{
    "$schema": "https://go.k'
[05:06:02] [CHAT] prompt='{
    "$schema": "https://go.k'
[05:06:03] [CHAT] reply len=1384
[05:06:56] [FILE] start
[05:07:32] [CHAT] prompt='测试'
[05:07:32] [CHAT] prompt='测试'
[05:07:33] [CHAT] reply len=7
[05:08:04] [CHAT] prompt='测试'
[05:08:04] [CHAT] prompt='测试'
[05:08:04] [CHAT] reply len=7
